src/app/(app)/importacao/page.tsx(35,41): error TS2339: Property 'importarCsv' does not exist on type '{ buscarPorTermo: (q: string) => Promise<ClienteDetalheResponse[]>; consultarPorDocumento: (doc: string) => Promise<StatusAtendimentoResponse>; consultarPorId: (id: number) => Promise<...>; detalhe: (id: number) => Promise<...>; inadimplentes: (page?: number, size?: number) => Promise<...>; bloqueados: (page?: numbe...'.
src/app/(app)/importacao/page.tsx(37,18): error TS2345: Argument of type 'unknown' is not assignable to parameter of type 'SetStateAction<ImportResult | null>'.
